film15: 1935 frames, 416 objects tracked
    0.542s    1 objects pop, largest 21 mm (Distal phalanx of right index finger; steps either side 2 mm)
    0.625s    1 objects pop, largest 18 mm (Distal phalanx of right index finger; steps either side 2 mm)
    0.792s    2 objects pop, largest 35 mm (Distal phalanx of left index finger; steps either side 3 mm)
    0.875s    2 objects pop, largest 33 mm (Distal phalanx of left index finger; steps either side 3 mm)
    0.958s    2 objects pop, largest 26 mm (Distal phalanx of right little finger; steps either side 6 mm)
    1.000s    2 objects pop, largest 32 mm (Distal phalanx of left ring finger; steps either side 0 mm)
    1.083s    2 objects pop, largest 32 mm (Distal phalanx of left ring finger; steps either side 0 mm)
    1.167s    2 objects pop, largest 33 mm (Distal phalanx of left index finger; steps either side 3 mm)
    1.250s    2 objects pop, largest 35 mm (Distal phalanx of left index finger; steps either side 3 mm)
    1.292s    2 objects pop, largest 40 mm (Distal phalanx of right index finger; steps either side 12 mm)
    1.500s    2 objects pop, largest 28 mm (Distal phalanx of right little finger; steps either side 8 mm)
    1.542s    4 objects pop, largest 32 mm (Distal phalanx of right ring finger; steps either side 1 mm)
    1.625s    4 objects pop, largest 38 mm (Distal phalanx of left index finger; steps either side 9 mm)
    1.667s    2 objects pop, largest 37 mm (Distal phalanx of right index finger; steps either side 7 mm)
    1.750s    2 objects pop, largest 31 mm (Distal phalanx of right index finger; steps either side 7 mm)
    2.042s    2 objects pop, largest 34 mm (Distal phalanx of right index finger; steps either side 1 mm)
    2.125s    2 objects pop, largest 34 mm (Distal phalanx of right index finger; steps either side 1 mm)
    2.417s    2 objects pop, largest 32 mm (Distal phalanx of right index finger; steps either side 5 mm)
    2.500s    2 objects pop, largest 37 mm (Distal phalanx of right index finger; steps either side 5 mm)
    2.792s    4 objects pop, largest 33 mm (Distal phalanx of left ring finger; steps either side 6 mm)
    2.875s    4 objects pop, largest 34 mm (Distal phalanx of right index finger; steps either side 6 mm)
   50.917s    1 objects pop, largest 18 mm (Distal phalanx of right index finger; steps either side 2 mm)
   50.958s    1 objects pop, largest 21 mm (Distal phalanx of right little finger; steps either side 2 mm)
   51.000s    3 objects pop, largest 32 mm (Distal phalanx of left ring finger; steps either side 0 mm)
   51.083s    2 objects pop, largest 32 mm (Distal phalanx of left ring finger; steps either side 0 mm)
   51.167s    2 objects pop, largest 33 mm (Distal phalanx of left index finger; steps either side 3 mm)
   51.250s    2 objects pop, largest 35 mm (Distal phalanx of left index finger; steps either side 3 mm)
   51.292s    2 objects pop, largest 40 mm (Distal phalanx of right index finger; steps either side 12 mm)
   51.500s    2 objects pop, largest 28 mm (Distal phalanx of right little finger; steps either side 8 mm)
   51.542s    4 objects pop, largest 32 mm (Distal phalanx of right ring finger; steps either side 1 mm)
   51.625s    4 objects pop, largest 38 mm (Distal phalanx of left index finger; steps either side 9 mm)
   51.667s    2 objects pop, largest 37 mm (Distal phalanx of right index finger; steps either side 7 mm)
   51.750s    2 objects pop, largest 31 mm (Distal phalanx of right index finger; steps either side 7 mm)
   52.042s    2 objects pop, largest 34 mm (Distal phalanx of right index finger; steps either side 1 mm)
   52.125s    2 objects pop, largest 34 mm (Distal phalanx of right index finger; steps either side 1 mm)
   52.417s    2 objects pop, largest 32 mm (Distal phalanx of right index finger; steps either side 5 mm)
   52.500s    2 objects pop, largest 37 mm (Distal phalanx of right index finger; steps either side 5 mm)
   52.583s    2 objects pop, largest 22 mm (Distal phalanx of right ring finger; steps either side 3 mm)
   52.667s    1 objects pop, largest 19 mm (Distal phalanx of right ring finger; steps either side 3 mm)
pops: 39
